2026-10-07T13:40:34.8542183Z Current runner version: '2.337.0'
2026-10-07T13:40:34.8560039Z ##[group]Runner Image Provisioner
2026-10-07T13:40:34.8560604Z Hosted Compute Agent
2026-10-07T13:40:34.8561039Z Version: 20261002.596
2026-10-07T13:40:34.8561465Z Commit: c3d12f3313a95f25162a1503be624f3b0617f8c0
2026-10-07T13:40:34.8561885Z Build Date: 2026-10-02T22:28:27Z
2026-10-07T13:40:34.8562353Z Worker ID: {e6a1db9f-85fa-4ea9-9af6-2d3ae2ebf1d3}
2026-10-07T13:40:34.8562813Z Region: centralus
2026-10-07T13:40:34.8563175Z Cloud: Azure
2026-10-07T13:40:34.8563524Z ##[endgroup]
2026-10-07T13:40:34.8564294Z ##[group]Operating System
2026-10-07T13:40:34.8564703Z Ubuntu
2026-10-07T13:40:34.8565052Z 24.04.5
2026-10-07T13:40:34.8565359Z LTS
2026-10-07T13:40:34.8565750Z ##[endgroup]
2026-10-07T13:40:34.8566178Z ##[group]Runner Image
2026-10-07T13:40:34.8566570Z Image: ubuntu-24.04
2026-10-07T13:40:34.8566950Z Version: 20261004.327.1
2026-10-07T13:40:34.8567754Z Included Software: https://github.com/actions/runner-images/blob/ubuntu24/20261004.327/images/ubuntu/Ubuntu2404-Readme.md
2026-10-07T13:40:34.8568810Z Image Release: https://github.com/actions/runner-images/releases/tag/ubuntu24%2F20261004.327
2026-10-07T13:40:34.8569406Z ##[endgroup]
2026-10-07T13:40:34.8570157Z ##[group]GITHUB_TOKEN Permissions
2026-10-07T13:40:34.8571425Z Contents: read
2026-10-07T13:40:34.8571775Z Metadata: read
2026-10-07T13:40:34.8572107Z Pages: write
2026-10-07T13:40:34.8572520Z ##[endgroup]
2026-10-07T13:40:34.8573819Z Secret source: Actions
2026-10-07T13:40:34.8574418Z Cache mode: write
2026-10-07T13:40:34.8574837Z Prepare workflow directory
2026-10-07T13:40:34.8782551Z Prepare all required actions
2026-10-07T13:40:34.8816789Z Getting action download info
2026-10-07T13:40:35.1194998Z Download action repository 'actions/deploy-pages@v5' (SHA:368f82528645a54fb793d4d04e342629a3f51346)
2026-10-07T13:40:35.8254483Z Complete job name: deploy
2026-10-07T13:40:35.8764585Z ##[group]Run actions/deploy-pages@v5
2026-10-07T13:40:35.8765035Z with:
2026-10-07T13:40:35.8767122Z   token: ***
2026-10-07T13:40:35.8767386Z   timeout: 600000
2026-10-07T13:40:35.8767642Z   error_count: 10
2026-10-07T13:40:35.8768034Z   reporting_interval: 5000
2026-10-07T13:40:35.8768331Z   artifact_name: github-pages
2026-10-07T13:40:35.8768623Z   preview: false
2026-10-07T13:40:35.8768956Z ##[endgroup]
2026-10-07T13:40:36.0031467Z (node:2058) [DEP0040] DeprecationWarning: The `punycode` module is deprecated. Please use a userland alternative instead.
2026-10-07T13:40:36.0032749Z (Use `node --trace-deprecation ...` to show where the warning was created)
2026-10-07T13:40:36.1427302Z Fetching artifact metadata for "github-pages" in this workflow run
2026-10-07T13:40:36.3014703Z Found 2 artifact(s)
2026-10-07T13:40:36.3023914Z Creating Pages deployment with payload:
2026-10-07T13:40:36.3024585Z {
2026-10-07T13:40:36.3025041Z 	"artifact_id": 11485918232,
2026-10-07T13:40:36.3025809Z 	"pages_build_version": "7860a822f6044648c27f5660b8682eba73b561cc",
2026-10-07T13:40:36.3069957Z 	"oidc_token": "***"
2026-10-07T13:40:36.3070557Z }
2026-10-07T13:40:36.9010557Z Created deployment for 7860a822f6044648c27f5660b8682eba73b561cc, ID: 7860a822f6044648c27f5660b8682eba73b561cc
2026-10-07T13:40:42.4261571Z Getting Pages deployment status...
2026-10-07T13:40:42.6448108Z Reported success!
2026-10-07T13:40:42.6699799Z Evaluate and set environment url
2026-10-07T13:40:42.6704150Z Evaluated environment url: https://xn-----6kcabnjhfrnvokgficcuyowyell3c0le3a.xn--p1ai/
2026-10-07T13:40:42.6704813Z Cleaning up orphan processes
